ASxxxx Linker V03.00 + NoICE + sdld,  page 1.
Hexadecimal  [32-Bits]

Area                                    Addr        Size        Decimal Bytes (Attributes)
--------------------------------        ----        ----        ------- ----- ------------
.  .ABS.                            00000000    00000000 =           0. bytes (ABS,CON)

      Value  Global                              Global Defined In Module
      -----  --------------------------------   ------------------------
     00000000  .__.ABS.                           
     00000000  _rRAMG                             
     00000000  l__BASE                         
     00000000  l__BSS                          
     00000000  l__CABS                         
     00000000  l__CODE_0                       
     00000000  l__CRASH_HEADER                 
     00000000  l__CRASH_SCRATCH                
     00000000  l__DABS                         
     00000000  l__EHL_TRAMPOLINE               
     00000000  l__HEADER                       
     00000000  l__HEADER_LCD                   
     00000000  l__HEADER_SIO                   
     00000000  l__HEADER_TIMER                 
     00000000  l__HEAP                         
     00000000  l__HRAM                         
     00000000  l__LIT                          
     00000000  s__CABS                         
     00000000  s__CRASH_HEADER                 
     00000000  s__CRASH_HEADER0                
     00000000  s__CRASH_HEADER1                
     00000000  s__CRASH_SCRATCH                
     00000000  s__CRASH_SCRATCH2               
     00000000  s__DABS                         
     00000000  s__EHL_TRAMPOLINE               
     00000000  s__EHL_TRAMPOLINE0              
     00000000  s__HEADER                       
     00000000  s__HEADER0                      
     00000000  s__HEADER1                      
     00000000  s__HEADER10                     
     00000000  s__HEADER11                     
     00000000  s__HEADER2                      
     00000000  s__HEADER3                      
     00000000  s__HEADER4                      
     00000000  s__HEADER5                      
     00000000  s__HEADER6                      
     00000000  s__HEADER7                      
     00000000  s__HEADER8                      
     00000000  s__HEADER9                      
     00000000  s__HEADER_LCD                   
     00000000  s__HEADER_LCD0                  
     00000000  s__HEADER_SIO                   
     00000000  s__HEADER_SIO0                  
     00000000  s__HEADER_TIMER                 
     00000000  s__HEADER_TIMER0                
     00000000  s__HEADERa                      
     00000000  s__HEADERb                      
     00000000  s__HEADERc                      
     00000000  s__HEADERd                      
     00000000  s__HEADERe                      
ASxxxx Linker V03.00 + NoICE + sdld,  page 2.
Hexadecimal  [32-Bits]

Area                                    Addr        Size        Decimal Bytes (Attributes)
--------------------------------        ----        ----        ------- ----- ------------
.  .ABS.                            00000000    00000000 =           0. bytes (ABS,CON)

      Value  Global                              Global Defined In Module
      -----  --------------------------------   ------------------------
     00000000  s__HEADERf                      
     00000000  s__HRAM                         
     00000000  s__HRAM12                       
     00000001  ___bank_VM_SGB                     vm_sgb
     00000001  ___bank_actor_103_interact         actor_103_interact
     00000001  ___bank_scene_0_triggers           scene_0_triggers
     00000001  ___bank_scene_21_init              scene_21_init
     00000001  ___mute_mask_sound_legacy_0        sound_legacy_0
     00000001  ___mute_mask_sound_legacy_2        sound_legacy_2
     00000001  ___mute_mask_sound_legacy_4        sound_legacy_4
     00000001  ___mute_mask_sound_legacy_5        sound_legacy_5
     00000001  b_ui_draw_frame                    ui
     00000001  b_ui_draw_text_buffer_char         ui
     00000001  b_ui_init                          ui
     00000001  b_ui_load_tiles                    ui
     00000001  b_ui_run_menu                      ui
     00000001  b_ui_run_modal                     ui
     00000001  b_ui_set_start_tile                ui
     00000001  l__GSFINAL                      
     00000001  l__HEADER0                      
     00000001  l__HEADER11                     
     00000001  l__HEADER9                      
     00000001  l__HEADERa                      
     00000001  l__HEADERb                      
     00000001  l__HEADERd                      
     00000001  l__HEADERe                      
     00000002  ___bank_actor_68_update            actor_68_update
     00000002  ___bank_scene_1_sprites            scene_1_sprites
     00000002  ___bank_scene_28_init              scene_28_init
     00000002  ___mute_mask_sound_hammered_sav_   sound_hammered_sav
     00000002  ___mute_mask_sound_hammered_sav_   sound_hammered_sav
     00000002  ___mute_mask_sound_hammered_sav_   sound_hammered_sav
     00000002  ___mute_mask_sound_hammered_sav_   sound_hammered_sav
     00000002  l__HEADER5                      
     00000002  l__HEADERc                      
     00000002  l__HEADERf                      
     00000003  ___bank_scene_12_triggers          scene_12_triggers
     00000003  ___bank_script_6                   script_6
     00000003  ___bank_script_input_100           script_input_100
     00000003  ___bank_script_input_111           script_input_111
     00000003  b_assign_state_script              platform
     00000003  b_basic_anim                       platform
     00000003  b_clear_state_script               platform
     00000003  b_dash_init_switch                 platform
     00000003  b_drop_press                       platform
     00000003  b_ladder_check                     platform
     00000003  b_ladder_switch                    platform
     00000003  b_platform_init                    platform
     00000003  b_platform_update                  platform
     00000003  b_wall_check                       platform
     00000003  l__HEADER8                      
ASxxxx Linker V03.00 + NoICE + sdld,  page 3.
Hexadecimal  [32-Bits]

Area                                    Addr        Size        Decimal Bytes (Attributes)
--------------------------------        ----        ----        ------- ----- ------------
.  .ABS.                            00000000    00000000 =           0. bytes (ABS,CON)

      Value  Global                              Global Defined In Module
      -----  --------------------------------   ------------------------
     00000003  l__HEADER_LCD0                  
     00000003  l__HRAM12                       
     00000004  ___bank_bg_placeholder_copy_tile   bg_placeholder_copy_tileset
     00000004  ___bank_script_input_114           script_input_114
     00000004  ___bank_script_input_15            script_input_15
     00000004  ___bank_trigger_51_interact        trigger_51_interact
     00000004  b_data_clear                       load_save
     00000004  b_data_init                        load_save
     00000004  b_data_load                        load_save
     00000004  b_data_peek                        load_save
     00000004  b_data_save                        load_save
     00000004  l__CRASH_HEADER1                
     00000004  l__HEADER_SIO0                  
     00000004  l__HEADER_TIMER0                
     00000005  ___bank_bg_dungeon_dangers_tiles   bg_dungeon_dangers_tileset
     00000005  ___bank_scene_12_projectiles       scene_12_projectiles
     00000005  ___bank_scene_3_init               scene_3_init
     00000005  ___bank_script_input_28            script_input_28
     00000005  l__CRASH_HEADER0                
     00000005  l__HEADER1                      
     00000006  ___bank_actor_88_interact          actor_88_interact
     00000006  ___bank_scene_0_init               scene_0_init
     00000006  ___bank_script_4                   script_4
     00000006  ___bank_sprite_bone_enemy          sprite_bone_enemy
     00000006  l__HEADER7                      
     00000007  ___bank_actor_108_interact         actor_108_interact
     00000007  ___bank_actor_21_interact          actor_21_interact
     00000007  ___bank_sprite_blood_icon          sprite_blood_icon
     00000007  l__HEADER2                      
     00000008  ___bank_actor_112_interact         actor_112_interact
     00000008  ___bank_bg_town_school_tileset     bg_town_school_tileset
     00000008  ___bank_scene_9_init               scene_9_init
     00000008  ___bank_script_input_3             script_input_3
     00000008  ___mute_mask_sound_hammered_sav_   sound_hammered_sav
     00000008  ___mute_mask_sound_hammered_sav_   sound_hammered_sav
     00000008  ___mute_mask_sound_hammered_sav_   sound_hammered_sav
     00000008  ___mute_mask_sound_legacy_1        sound_legacy_1
     00000008  ___mute_mask_sound_legacy_3        sound_legacy_3
     00000008  b_scroll_rect                      
     00000008  l__HEADER3                      
     00000009  ___bank_actor_111_interact         actor_111_interact
     00000009  ___bank_actor_83_interact          actor_83_interact
     00000009  ___bank_actor_98_update            actor_98_update
     00000009  ___bank_bg_cinderflasshbackbg1_t   bg_cinderflasshbackbg1_tiles
     0000000A  ___bank_actor_86_interact          actor_86_interact
     0000000A  ___bank_actor_90_interact          actor_90_interact
     0000000A  ___bank_scene_0_p_hit1             scene_0_p_hit1
     0000000A  ___bank_script_input_39            script_input_39
     0000000A  ___mute_mask_sound_hammered_sav_   sound_hammered_sav
     0000000A  ___mute_mask_sound_hammered_sav_   sound_hammered_sav
     0000000A  ___mute_mask_sound_hammered_sav_   sound_hammered_sav
ASxxxx Linker V03.00 + NoICE + sdld,  page 4.
Hexadecimal  [32-Bits]

Area                                    Addr        Size        Decimal Bytes (Attributes)
--------------------------------        ----        ----        ------- ----- ------------
.  .ABS.                            00000000    00000000 =           0. bytes (ABS,CON)

      Value  Global                              Global Defined In Module
      -----  --------------------------------   ------------------------
     0000000A  ___mute_mask_sound_hammered_sav_   sound_hammered_sav
     0000000A  ___mute_mask_sound_hammered_sav_   sound_hammered_sav
     0000000A  ___mute_mask_sound_hammered_sav_   sound_hammered_sav
     0000000A  ___mute_mask_sound_hammered_sav_   sound_hammered_sav
     0000000A  ___mute_mask_sound_hammered_sav_   sound_hammered_sav
     0000000A  ___mute_mask_sound_hammered_sav_   sound_hammered_sav
     0000000A  b_do_load_palette                  data_manager
     0000000A  b_load_background                  data_manager
     0000000A  b_load_bkg_tileset                 data_manager
     0000000A  b_load_bounds                      data_manager
     0000000A  b_load_emote                       data_manager
     0000000A  b_load_init                        data_manager
     0000000A  b_load_player                      data_manager
     0000000A  b_load_scene                       data_manager
     0000000A  b_load_sprite                      data_manager
     0000000B  ___bank_VM_LOAD_SAVE               vm_load_save
     0000000B  ___bank_actor_105_interact         actor_105_interact
     0000000B  ___bank_font_gbs_variable_width    font_gbs_variable_width
     0000000B  ___bank_trigger_46_interact        trigger_46_interact
     0000000B  b_vm_save_clear                    vm_load_save
     0000000B  b_vm_save_peek                     vm_load_save
     0000000C  ___bank_VM_ACTOR                   vm_actor
     0000000C  ___bank_actor_109_interact         actor_109_interact
     0000000C  ___bank_actor_92_interact          actor_92_interact
     0000000C  ___bank_scene_0_projectiles        scene_0_projectiles
     0000000C  ___bank_scene_29_sprites           scene_29_sprites
     0000000C  b_vm_actor_activate                vm_actor
     0000000C  b_vm_actor_deactivate              vm_actor
     0000000C  b_vm_actor_emote                   vm_actor
     0000000C  b_vm_actor_get_angle               vm_actor
     0000000C  b_vm_actor_get_anim_frame          vm_actor
     0000000C  b_vm_actor_get_dir                 vm_actor
     0000000C  b_vm_actor_get_pos                 vm_actor
     0000000C  b_vm_actor_move_cancel             vm_actor
     0000000C  b_vm_actor_move_to                 vm_actor
     0000000C  b_vm_actor_replace_tile            vm_actor
     0000000C  b_vm_actor_set_anim                vm_actor
     0000000C  b_vm_actor_set_anim_frame          vm_actor
     0000000C  b_vm_actor_set_anim_set            vm_actor
     0000000C  b_vm_actor_set_anim_tick           vm_actor
     0000000C  b_vm_actor_set_bounds              vm_actor
     0000000C  b_vm_actor_set_dir                 vm_actor
     0000000C  b_vm_actor_set_flags               vm_actor
     0000000C  b_vm_actor_set_move_speed          vm_actor
     0000000C  b_vm_actor_set_pos                 vm_actor
     0000000C  b_vm_actor_set_spritesheet         vm_actor
     0000000C  b_vm_actor_set_spritesheet_by_re   vm_actor
     0000000C  b_vm_actor_terminate_update        vm_actor
     0000000D  ___bank_actor_70_interact          actor_70_interact
     0000000D  ___bank_actor_97_interact          actor_97_interact
     0000000D  ___bank_scene_18_actors            scene_18_actors
ASxxxx Linker V03.00 + NoICE + sdld,  page 5.
Hexadecimal  [32-Bits]

Area                                    Addr        Size        Decimal Bytes (Attributes)
--------------------------------        ----        ----        ------- ----- ------------
.  .ABS.                            00000000    00000000 =           0. bytes (ABS,CON)

      Value  Global                              Global Defined In Module
      -----  --------------------------------   ------------------------
     0000000D  ___bank_script_input_42            script_input_42
     0000000D  ___bank_script_input_53            script_input_53
     0000000D  ___bank_song_penance_Data          song_penance_Data
     0000000E  ___bank_actor_89_interact          actor_89_interact
     0000000E  ___bank_bg_logo_tileset            bg_logo_tileset
     0000000E  ___bank_scene_35_sprites           scene_35_sprites
     0000000E  ___bank_song_frontiersofthefalle   song_frontiersofthefallen_Da
     0000000E  ___bank_trigger_40_interact        trigger_40_interact
     0000000F  ___bank_ACTOR                      actor
     0000000F  ___bank_actor_117_interact         actor_117_interact
     0000000F  ___bank_actor_1_interact           actor_1_interact
     0000000F  ___bank_bg_bone_level_tilemap_at   bg_bone_level_tilemap_attr
     0000000F  b_activate_actor                   actor
     0000000F  b_activate_actors_in_col           actor
     0000000F  b_activate_actors_in_row           actor
     0000000F  b_actor_at_tile                    actor
     0000000F  b_actor_get_frame_offset           actor
     0000000F  b_actor_in_front_of_player         actor
     0000000F  b_actor_overlapping_bb             actor
     0000000F  b_actor_overlapping_player         actor
     0000000F  b_actor_set_anim_idle              actor
     0000000F  b_actor_set_anim_moving            actor
     0000000F  b_actor_set_dir                    actor
     0000000F  b_actor_set_frame_offset           actor
     0000000F  b_actor_set_frames                 actor
     0000000F  b_actors_handle_player_collision   actor
     0000000F  b_actors_init                      actor
     0000000F  b_check_collision_in_direction     actor
     0000000F  b_deactivate_actor                 actor
     0000000F  b_player_init                      actor
     00000010  ___bank_scene_12_sprites           scene_12_sprites
     00000010  ___bank_scene_29_init              scene_29_init
     00000010  ___bank_song_bone_level_Data       song_bone_level_Data
     00000010  ___bank_song_epilogue_Data         song_epilogue_Data
     00000011  ___bank_actor_104_interact         actor_104_interact
     00000011  ___bank_bg_bone_level_room1_tile   bg_bone_level_room1_tilemap_
     00000011  ___bank_bg_bone_level_tilemap      bg_bone_level_tilemap
     00000011  ___bank_scene_12_collisions        scene_12_collisions
     00000011  ___bank_scene_1_projectiles        scene_1_projectiles
     00000011  l__EHL_TRAMPOLINE0              
     00000012  ___bank_VM_MAIN                    vm
     00000012  ___bank_actor_106_interact         actor_106_interact
     00000012  ___bank_bg_fire_level_tilemap      bg_fire_level_tilemap
     00000012  ___bank_bg_fire_level_tilemap_at   bg_fire_level_tilemap_attr
     00000012  ___bank_script_input_60            script_input_60
     00000012  b_input_init                       input
     00000012  b_script_detach_hthread            vm
     00000012  b_script_execute                   vm
     00000012  b_script_runner_init               vm
     00000012  b_script_terminate                 vm
     00000012  b_vm_call                          vm
ASxxxx Linker V03.00 + NoICE + sdld,  page 6.
Hexadecimal  [32-Bits]

Area                                    Addr        Size        Decimal Bytes (Attributes)
--------------------------------        ----        ----        ------- ----- ------------
.  .ABS.                            00000000    00000000 =           0. bytes (ABS,CON)

      Value  Global                              Global Defined In Module
      -----  --------------------------------   ------------------------
     00000012  b_vm_call_far                      vm
     00000012  b_vm_get_indirect                  vm
     00000012  b_vm_get_int16                     vm
     00000012  b_vm_get_int8                      vm
     00000012  b_vm_get_tlocal                    vm
     00000012  b_vm_get_uint8                     vm
     00000012  b_vm_idle                          vm
     00000012  b_vm_if                            vm
     00000012  b_vm_if_const                      vm
     00000012  b_vm_init_rng                      vm
     00000012  b_vm_invoke                        vm
     00000012  b_vm_join                          vm
     00000012  b_vm_jump                          vm
     00000012  b_vm_lock                          vm
     00000012  b_vm_loop                          vm
     00000012  b_vm_memcpy                        vm
     00000012  b_vm_memset                        vm
     00000012  b_vm_poll_loaded                   vm
     00000012  b_vm_pop                           vm
     00000012  b_vm_push                          vm
     00000012  b_vm_push_reference                vm
     00000012  b_vm_push_value                    vm
     00000012  b_vm_push_value_ind                vm
     00000012  b_vm_raise                         vm
     00000012  b_vm_rand                          vm
     00000012  b_vm_reserve                       vm
     00000012  b_vm_ret                           vm
     00000012  b_vm_ret_far                       vm
     00000012  b_vm_set                           vm
     00000012  b_vm_set_const                     vm
     00000012  b_vm_set_const_int16               vm
     00000012  b_vm_set_const_int8                vm
     00000012  b_vm_set_indirect                  vm
     00000012  b_vm_set_int16                     vm
     00000012  b_vm_set_int8                      vm
     00000012  b_vm_set_uint8                     vm
     00000012  b_vm_terminate                     vm
     00000012  b_vm_test_terminate                vm
     00000012  b_vm_unlock                        vm
     00000012  b_wait_frames                      vm
     00000013  ___bank_actor_110_interact         actor_110_interact
     00000013  ___bank_actor_87_interact          actor_87_interact
     00000013  ___bank_scene_6_collisions         scene_6_collisions
     00000013  ___bank_song_cinder_Data           song_cinder_Data
     00000013  ___bank_sprite_actor_tileset       sprite_actor_tileset
     00000013  b_trigger_activate_at              trigger
     00000013  b_trigger_activate_at_intersecti   trigger
     00000013  b_trigger_at_intersection          trigger
     00000013  b_trigger_at_tile                  trigger
     00000013  b_trigger_interact                 trigger
     00000013  b_trigger_reset                    trigger
ASxxxx Linker V03.00 + NoICE + sdld,  page 7.
Hexadecimal  [32-Bits]

Area                                    Addr        Size        Decimal Bytes (Attributes)
--------------------------------        ----        ----        ------- ----- ------------
.  .ABS.                            00000000    00000000 =           0. bytes (ABS,CON)

      Value  Global                              Global Defined In Module
      -----  --------------------------------   ------------------------
     00000014  ___bank_actor_107_interact         actor_107_interact
     00000014  ___bank_bg_bastion_title2_tilese   bg_bastion_title2_tileset
     00000014  ___bank_font_default_caps_slant_   font_default_caps_slant_asc
     00000014  ___bank_font_default_caps_thick_   font_default_caps_thick_asc
     00000014  ___bank_font_slant_ascii           font_slant_ascii
     00000014  ___bank_trigger_32_interact        trigger_32_interact
     00000015  ___bank_actor_91_interact          actor_91_interact
     00000015  ___bank_bg_acti                    bg_acti
     00000015  ___bank_bg_town_tileset            bg_town_tileset
     00000015  ___bank_font_default_low_slant_a   font_default_low_slant_asci
     00000015  ___bank_font_gbs_mono              font_gbs_mono
     00000015  ___bank_song_title_Data            song_title_Data
     00000015  ___bank_sprite_hellfirecinder      sprite_hellfirecinder
     00000016  ___bank_bg_bone_level_tileset      bg_bone_level_tileset
     00000016  ___bank_bg_fire_level_tileset      bg_fire_level_tileset
     00000016  ___bank_bg_intro_town_cutscene_t   bg_intro_town_cutscene_tiles
     00000016  ___bank_bg_title_clean_tileset     bg_title_clean_tileset
     00000016  ___bank_scene_0_sprites            scene_0_sprites
     00000016  ___bank_script_input_71            script_input_71
     00000016  ___bank_song_intothelair_Data      song_intothelair_Data
     00000016  ___bank_song_level1_Data           song_level1_Data
     00000016  ___bank_sprite_fire_bandit         sprite_fire_bandit
     00000017  ___bank_actor_85_interact          actor_85_interact
     00000017  ___bank_bg_town_tilemap            bg_town_tilemap
     00000017  ___bank_bg_town_tilemap_attr       bg_town_tilemap_attr
     00000017  ___bank_scene_23_collisions        scene_23_collisions
     00000017  ___bank_scene_28_collisions        scene_28_collisions
     00000017  ___bank_scene_3_collisions         scene_3_collisions
     00000017  ___bank_scene_8_collisions         scene_8_collisions
     00000017  ___bank_sound_legacy_3             sound_legacy_3
     00000017  ___bank_trigger_56_interact        trigger_56_interact
     00000018  ___bank_VM_UI                      vm_ui
     00000018  ___bank_actor_116_interact         actor_116_interact
     00000018  ___bank_bg_actii_tileset           bg_actii_tileset
     00000018  ___bank_bg_king_of_hearts_monste   bg_king_of_hearts_monster_ti
     00000018  ___bank_bg_town_store_tileset      bg_town_store_tileset
     00000018  ___bank_scene_6_init               scene_6_init
     00000018  ___bank_trigger_9_interact         trigger_9_interact
     00000018  b_adventure_init                   adventure
     00000018  b_adventure_update                 adventure
     00000018  b_scroll_init                      scroll
     00000018  b_scroll_repaint                   scroll
     00000018  b_scroll_reset                     scroll
     00000018  b_scroll_update                    scroll
     00000018  b_shmup_init                       shmup
     00000018  b_shmup_update                     shmup
     00000018  b_vm_choice                        vm_ui
     00000018  b_vm_display_text                  vm_ui
     00000018  b_vm_overlay_clear                 vm_ui
     00000018  b_vm_overlay_move_to               vm_ui
     00000018  b_vm_overlay_scroll                vm_ui
ASxxxx Linker V03.00 + NoICE + sdld,  page 8.
Hexadecimal  [32-Bits]

Area                                    Addr        Size        Decimal Bytes (Attributes)
--------------------------------        ----        ----        ------- ----- ------------
.  .ABS.                            00000000    00000000 =           0. bytes (ABS,CON)

      Value  Global                              Global Defined In Module
      -----  --------------------------------   ------------------------
     00000018  b_vm_overlay_set_map               vm_ui
     00000018  b_vm_overlay_set_scroll            vm_ui
     00000018  b_vm_overlay_set_submap            vm_ui
     00000018  b_vm_overlay_set_submap_ex         vm_ui
     00000018  b_vm_overlay_setpos                vm_ui
     00000018  b_vm_overlay_show                  vm_ui
     00000018  b_vm_overlay_wait                  vm_ui
     00000018  b_vm_set_font                      vm_ui
     00000018  b_vm_set_text_sound                vm_ui
     00000018  b_vm_switch_text_layer             vm_ui
     00000019  ___bank_VM_GAMEBOY                 vm_gameboy
     00000019  ___bank_actor_115_interact         actor_115_interact
     00000019  ___bank_bg_bone_level_room2_tile   bg_bone_level_room2_tilemap_
     00000019  ___bank_bg_introcutscene_tileset   bg_introcutscene_tileset
     00000019  ___bank_bg_room2_tilemap           bg_room2_tilemap
     00000019  ___bank_bg_room2_tilemap_attr      bg_room2_tilemap_attr
     00000019  ___bank_bg_town_sheriffs_office2   bg_town_sheriffs_office2_til
     00000019  ___bank_scene_18_collisions        scene_18_collisions
     00000019  ___bank_sound_hammered_sav_00      sound_hammered_sav
     00000019  ___bank_sound_hammered_sav_01      sound_hammered_sav
     00000019  ___bank_sound_hammered_sav_02      sound_hammered_sav
     00000019  ___bank_sound_hammered_sav_03      sound_hammered_sav
     00000019  ___bank_sound_hammered_sav_04      sound_hammered_sav
     00000019  ___bank_sound_hammered_sav_05      sound_hammered_sav
     00000019  ___bank_sound_hammered_sav_06      sound_hammered_sav
     00000019  ___bank_sound_hammered_sav_07      sound_hammered_sav
     00000019  ___bank_sound_hammered_sav_08      sound_hammered_sav
     00000019  ___bank_sound_hammered_sav_09      sound_hammered_sav
     00000019  ___bank_sound_hammered_sav_10      sound_hammered_sav
     00000019  ___bank_sound_hammered_sav_11      sound_hammered_sav
     00000019  ___bank_sound_hammered_sav_12      sound_hammered_sav
     00000019  ___bank_sound_hammered_sav_13      sound_hammered_sav
     00000019  ___bank_sound_hammered_sav_14      sound_hammered_sav
     00000019  ___bank_sound_hammered_sav_16      sound_hammered_sav
     00000019  ___bank_sprite_gb_heart            sprite_gb_heart
     00000019  b_topdown_init                     topdown
     00000019  b_topdown_update                   topdown
     00000019  b_vm_context_prepare               vm_gameboy
     00000019  b_vm_fade                          vm_gameboy
     00000019  b_vm_get_tile_xy                   vm_gameboy
     00000019  b_vm_input_attach                  vm_gameboy
     00000019  b_vm_input_detach                  vm_gameboy
     00000019  b_vm_input_get                     vm_gameboy
     00000019  b_vm_input_wait                    vm_gameboy
     00000019  b_vm_load_tiles                    vm_gameboy
     00000019  b_vm_load_tileset                  vm_gameboy
     00000019  b_vm_poll                          vm_gameboy
     00000019  b_vm_replace_tile                  vm_gameboy
     00000019  b_vm_replace_tile_xy               vm_gameboy
     00000019  b_vm_rumble                        vm_gameboy
     00000019  b_vm_set_sprite_mode               vm_gameboy
ASxxxx Linker V03.00 + NoICE + sdld,  page 9.
Hexadecimal  [32-Bits]

Area                                    Addr        Size        Decimal Bytes (Attributes)
--------------------------------        ----        ----        ------- ----- ------------
.  .ABS.                            00000000    00000000 =           0. bytes (ABS,CON)

      Value  Global                              Global Defined In Module
      -----  --------------------------------   ------------------------
     00000019  b_vm_set_sprites_visible           vm_gameboy
     00000019  b_vm_timer_prepare                 vm_gameboy
     00000019  b_vm_timer_reset                   vm_gameboy
     00000019  b_vm_timer_set                     vm_gameboy
     00000019  b_vm_timer_stop                    vm_gameboy
     00000019  l__INITIALIZED                  
     00000019  l__INITIALIZER                  
     0000001A  ___bank_VM_SIO                     vm_sio
     0000001A  ___bank_actor_70_update            actor_70_update
     0000001A  ___bank_actor_72_interact          actor_72_interact
     0000001A  ___bank_actor_81_interact          actor_81_interact
     0000001A  ___bank_actor_99_update            actor_99_update
     0000001A  ___bank_avatar_font_0              avatar_font_0
     0000001A  ___bank_bg_acti_tileset            bg_acti_tileset
     0000001A  ___bank_bg_bone_level_room2_tile   bg_bone_level_room2_tilemap
     0000001A  ___bank_bg_fire_level_boss_tiles   bg_fire_level_boss_tileset
     0000001A  ___bank_bg_intro_rider_cutscene_   bg_intro_rider_cutscene_tile
     0000001A  ___bank_bg_town_saloon_tileset     bg_town_saloon_tileset
     0000001A  ___bank_scene_12_actors            scene_12_actors
     0000001A  ___bank_scene_20_collisions        scene_20_collisions
     0000001A  b_core_reset                       core
     0000001A  b_core_run                         core
     0000001A  b_gbprinter_detect                 gbprinter
     0000001A  b_gbprinter_print_overlay          gbprinter
     0000001A  b_projectile_launch                projectiles
     0000001A  b_projectiles_init                 projectiles
     0000001A  b_vm_sio_exchange                  vm_sio
     0000001A  b_vm_sio_set_mode                  vm_sio
     0000001B  ___bank_VM_CAMERA                  vm_camera
     0000001B  ___bank_actor_55_interact          actor_55_interact
     0000001B  ___bank_actor_82_interact          actor_82_interact
     0000001B  ___bank_bg_bone_level_room1_tile   bg_bone_level_room1_tilemap
     0000001B  ___bank_bg_bone_level_room2_tile   bg_bone_level_room2_tileset
     0000001B  ___bank_bg_bone_level_room4_tile   bg_bone_level_room4_tileset
     0000001B  ___bank_bg_introcutscene_tilemap   bg_introcutscene_tilemap
     0000001B  ___bank_bg_introcutscene_tilemap   bg_introcutscene_tilemap_att
     0000001B  ___bank_bg_room2_tileset           bg_room2_tileset
     0000001B  ___bank_scene_12_init              scene_12_init
     0000001B  ___bank_scene_17_collisions        scene_17_collisions
     0000001B  ___bank_scene_1_init               scene_1_init
     0000001B  ___bank_scene_22_collisions        scene_22_collisions
     0000001B  ___bank_scene_28_actors            scene_28_actors
     0000001B  ___bank_scene_6_actors             scene_6_actors
     0000001B  ___bank_script_12                  script_12
     0000001B  ___bank_script_9                   script_9
     0000001B  ___bank_script_input_74            script_input_74
     0000001B  ___bank_sprite_pumaskull_human_t   sprite_pumaskull_human_tiles
     0000001B  ___bank_spritesheet_none           spritesheet_none
     0000001B  ___bank_trigger_13_interact        trigger_13_interact
     0000001B  ___bank_trigger_59_interact        trigger_59_interact
     0000001B  b___HandleCrash_banked             
ASxxxx Linker V03.00 + NoICE + sdld,  page 10.
Hexadecimal  [32-Bits]

Area                                    Addr        Size        Decimal Bytes (Attributes)
--------------------------------        ----        ----        ------- ----- ------------
.  .ABS.                            00000000    00000000 =           0. bytes (ABS,CON)

      Value  Global                              Global Defined In Module
      -----  --------------------------------   ------------------------
     0000001B  b_camera_shake_frames              vm_camera
     0000001B  b_fade_applypalettechange          fade_manager
     0000001B  b_fade_in                          fade_manager
     0000001B  b_fade_in_modal                    fade_manager
     0000001B  b_fade_init                        fade_manager
     0000001B  b_fade_out                         fade_manager
     0000001B  b_fade_out_modal                   fade_manager
     0000001B  b_fade_setspeed                    fade_manager
     0000001B  b_fade_update                      fade_manager
     0000001B  b_pointnclick_init                 pointnclick
     0000001B  b_pointnclick_update               pointnclick
     0000001B  b_vm_camera_move_to                vm_camera
     0000001B  b_vm_camera_set_pos                vm_camera
     0000001C  ___bank_VM_PALETTE                 vm_palette
     0000001C  ___bank_actor_21_update            actor_21_update
     0000001C  ___bank_actor_69_update            actor_69_update
     0000001C  ___bank_bg_acti_tilemap            bg_acti_tilemap
     0000001C  ___bank_bg_actii_tilemap           bg_actii_tilemap
     0000001C  ___bank_bg_bastion_title2_tilema   bg_bastion_title2_tilemap
     0000001C  ___bank_bg_bone_level_boss_tilem   bg_bone_level_boss_tilemap
     0000001C  ___bank_bg_bone_level_room1_tile   bg_bone_level_room1_tileset
     0000001C  ___bank_bg_bone_level_room4_tile   bg_bone_level_room4_tilemap
     0000001C  ___bank_bg_cinderflasshbackbg1_t   bg_cinderflasshbackbg1_tilem
     0000001C  ___bank_bg_cinderflasshbackbg1_t   bg_cinderflasshbackbg1_tilem
     0000001C  ___bank_bg_dungeon_dangers_tilem   bg_dungeon_dangers_tilemap
     0000001C  ___bank_bg_fire_level_boss_tilem   bg_fire_level_boss_tilemap
     0000001C  ___bank_bg_intro_rider_cutscene_   bg_intro_rider_cutscene_tile
     0000001C  ___bank_bg_intro_town_cutscene_t   bg_intro_town_cutscene_tilem
     0000001C  ___bank_bg_king_of_hearts_monste   bg_king_of_hearts_monster_ti
     0000001C  ___bank_scene_10_init              scene_10_init
     0000001C  ___bank_scene_20_actors            scene_20_actors
     0000001C  ___bank_scene_21_actors            scene_21_actors
     0000001C  ___bank_scene_22_init              scene_22_init
     0000001C  ___bank_scene_2_init               scene_2_init
     0000001C  ___bank_scene_31_init              scene_31_init
     0000001C  ___bank_scene_32_init              scene_32_init
     0000001C  ___bank_script_22                  script_22
     0000001C  ___bank_script_8                   script_8
     0000001C  ___bank_sprite_bartender           sprite_bartender
     0000001C  ___bank_sprite_bone_enemy_tilese   sprite_bone_enemy_tileset
     0000001C  ___bank_sprite_bullet              sprite_bullet
     0000001C  ___bank_sprite_cinder              sprite_cinder
     0000001C  ___bank_sprite_cinder_tileset      sprite_cinder_tileset
     0000001C  ___bank_sprite_fire_bandit_tiles   sprite_fire_bandit_tileset
     0000001C  ___bank_sprite_hellfirecinder_ti   sprite_hellfirecinder_tilese
     0000001C  ___bank_sprite_oyun_tileset        sprite_oyun_tileset
     0000001C  ___bank_sprite_pitch_oh_sheet_0    sprite_pitch_oh_sheet_0
     0000001C  ___bank_sprite_pitch_oh_sheet_0_   sprite_pitch_oh_sheet_0_tile
     0000001C  ___bank_sprite_pumaskull_mon_til   sprite_pumaskull_mon_tileset
     0000001C  ___bank_sprite_schoolboy_tileset   sprite_schoolboy_tileset
     0000001C  ___bank_sprite_townsfolk1_tilese   sprite_townsfolk1_tileset
ASxxxx Linker V03.00 + NoICE + sdld,  page 11.
Hexadecimal  [32-Bits]

Area                                    Addr        Size        Decimal Bytes (Attributes)
--------------------------------        ----        ----        ------- ----- ------------
.  .ABS.                            00000000    00000000 =           0. bytes (ABS,CON)

      Value  Global                              Global Defined In Module
      -----  --------------------------------   ------------------------
     0000001C  __start_save                    
     0000001C  b_set_sgb_border                   sgb_border
     0000001C  b_vm_load_palette                  vm_palette
     0000001D  ___bank_VM_MATH                    vm_math
     0000001D  ___bank_VM_MUSIC                   vm_music
     0000001D  ___bank_actor_97_update            actor_97_update
     0000001D  ___bank_bg_logo_tilemap            bg_logo_tilemap
     0000001D  ___bank_bg_logo_tilemap_attr       bg_logo_tilemap_attr
     0000001D  ___bank_bg_placeholder_copy_tile   bg_placeholder_copy_tilemap
     0000001D  ___bank_bg_title_clean_tilemap     bg_title_clean_tilemap
     0000001D  ___bank_bg_title_clean_tilemap_a   bg_title_clean_tilemap_attr
     0000001D  ___bank_bg_town_saloon_tilemap     bg_town_saloon_tilemap
     0000001D  ___bank_bg_town_saloon_tilemap_a   bg_town_saloon_tilemap_attr
     0000001D  ___bank_bg_town_school_tilemap     bg_town_school_tilemap
     0000001D  ___bank_bg_town_sheriffs_office2   bg_town_sheriffs_office2_til
     0000001D  ___bank_bg_town_sheriffs_office2   bg_town_sheriffs_office2_til
     0000001D  ___bank_bg_town_store_tilemap      bg_town_store_tilemap
     0000001D  ___bank_scene_0_collisions         scene_0_collisions
     0000001D  ___bank_scene_10_collisions        scene_10_collisions
     0000001D  ___bank_scene_13_collisions        scene_13_collisions
     0000001D  ___bank_scene_14_collisions        scene_14_collisions
     0000001D  ___bank_scene_15_collisions        scene_15_collisions
     0000001D  ___bank_scene_16_collisions        scene_16_collisions
     0000001D  ___bank_scene_17_init              scene_17_init
     0000001D  ___bank_scene_19_collisions        scene_19_collisions
     0000001D  ___bank_scene_1_collisions         scene_1_collisions
     0000001D  ___bank_scene_21_collisions        scene_21_collisions
     0000001D  ___bank_scene_24_collisions        scene_24_collisions
     0000001D  ___bank_scene_25_collisions        scene_25_collisions
     0000001D  ___bank_scene_26_collisions        scene_26_collisions
     0000001D  ___bank_scene_27_collisions        scene_27_collisions
     0000001D  ___bank_scene_29_collisions        scene_29_collisions
     0000001D  ___bank_scene_2_collisions         scene_2_collisions
     0000001D  ___bank_scene_30_collisions        scene_30_collisions
     0000001D  ___bank_scene_31_collisions        scene_31_collisions
     0000001D  ___bank_scene_32_collisions        scene_32_collisions
     0000001D  ___bank_scene_33_collisions        scene_33_collisions
     0000001D  ___bank_scene_33_init              scene_33_init
     0000001D  ___bank_scene_34_collisions        scene_34_collisions
     0000001D  ___bank_scene_35_collisions        scene_35_collisions
     0000001D  ___bank_scene_36_collisions        scene_36_collisions
     0000001D  ___bank_scene_37_collisions        scene_37_collisions
     0000001D  ___bank_scene_4_collisions         scene_4_collisions
     0000001D  ___bank_scene_5_collisions         scene_5_collisions
     0000001D  ___bank_scene_7_collisions         scene_7_collisions
     0000001D  ___bank_scene_9_collisions         scene_9_collisions
     0000001D  ___bank_script_7                   script_7
     0000001D  ___bank_script_input_87            script_input_87
     0000001D  ___bank_sprite_pumaskull_human     sprite_pumaskull_human
     0000001D  ___bank_sprite_schoolgirl_tilese   sprite_schoolgirl_tileset
     0000001D  b_vm_cos_scale                     vm_math
ASxxxx Linker V03.00 + NoICE + sdld,  page 12.
Hexadecimal  [32-Bits]

Area                                    Addr        Size        Decimal Bytes (Attributes)
--------------------------------        ----        ----        ------- ----- ------------
.  .ABS.                            00000000    00000000 =           0. bytes (ABS,CON)

      Value  Global                              Global Defined In Module
      -----  --------------------------------   ------------------------
     0000001D  b_vm_music_mute                    vm_music
     0000001D  b_vm_music_play                    vm_music
     0000001D  b_vm_music_routine                 vm_music
     0000001D  b_vm_music_setpos                  vm_music
     0000001D  b_vm_music_stop                    vm_music
     0000001D  b_vm_sfx_play                      vm_music
     0000001D  b_vm_sin_scale                     vm_math
     0000001D  b_vm_sound_mastervol               vm_music
     0000001E  ___bank_VM_GBPRINTER               vm_gbprinter
     0000001E  ___bank_VM_PROJECTILE              vm_projectiles
     0000001E  ___bank_VM_RTC                     vm_rtc
     0000001E  ___bank_VM_SCENE                   vm_scene
     0000001E  ___bank_actor_52_interact          actor_52_interact
     0000001E  ___bank_actor_53_interact          actor_53_interact
     0000001E  ___bank_actor_54_interact          actor_54_interact
     0000001E  ___bank_actor_63_update            actor_63_update
     0000001E  ___bank_actor_68_interact          actor_68_interact
     0000001E  ___bank_actor_69_interact          actor_69_interact
     0000001E  ___bank_actor_73_interact          actor_73_interact
     0000001E  ___bank_actor_74_interact          actor_74_interact
     0000001E  ___bank_actor_75_interact          actor_75_interact
     0000001E  ___bank_bg_bone_level_boss_tiles   bg_bone_level_boss_tileset
     0000001E  ___bank_frame_image                frame_image
     0000001E  ___bank_scene_0_actors             scene_0_actors
     0000001E  ___bank_scene_14_actors            scene_14_actors
     0000001E  ___bank_scene_16_actors            scene_16_actors
     0000001E  ___bank_scene_17_actors            scene_17_actors
     0000001E  ___bank_scene_18_init              scene_18_init
     0000001E  ___bank_scene_19_actors            scene_19_actors
     0000001E  ___bank_scene_19_init              scene_19_init
     0000001E  ___bank_scene_20_init              scene_20_init
     0000001E  ___bank_scene_23_actors            scene_23_actors
     0000001E  ___bank_scene_23_init              scene_23_init
     0000001E  ___bank_scene_24_actors            scene_24_actors
     0000001E  ___bank_scene_25_actors            scene_25_actors
     0000001E  ___bank_scene_27_actors            scene_27_actors
     0000001E  ___bank_scene_30_actors            scene_30_actors
     0000001E  ___bank_scene_30_init              scene_30_init
     0000001E  ___bank_scene_31_actors            scene_31_actors
     0000001E  ___bank_scene_35_init              scene_35_init
     0000001E  ___bank_scene_3_actors             scene_3_actors
     0000001E  ___bank_scene_4_init               scene_4_init
     0000001E  ___bank_scene_8_actors             scene_8_actors
     0000001E  ___bank_script_16                  script_16
     0000001E  ___bank_script_17                  script_17
     0000001E  ___bank_script_18                  script_18
     0000001E  ___bank_script_19                  script_19
     0000001E  ___bank_script_2                   script_2
     0000001E  ___bank_script_21                  script_21
     0000001E  ___bank_script_engine_init         
     0000001E  ___bank_script_input_106           script_input_106
ASxxxx Linker V03.00 + NoICE + sdld,  page 13.
Hexadecimal  [32-Bits]

Area                                    Addr        Size        Decimal Bytes (Attributes)
--------------------------------        ----        ----        ------- ----- ------------
.  .ABS.                            00000000    00000000 =           0. bytes (ABS,CON)

      Value  Global                              Global Defined In Module
      -----  --------------------------------   ------------------------
     0000001E  ___bank_script_input_14            script_input_14
     0000001E  ___bank_script_input_2             script_input_2
     0000001E  ___bank_script_input_21            script_input_21
     0000001E  ___bank_script_input_34            script_input_34
     0000001E  ___bank_script_timer_2             script_timer_2
     0000001E  ___bank_sprite_actor_animated      sprite_actor_animated
     0000001E  ___bank_sprite_actor_animated_ti   sprite_actor_animated_tilese
     0000001E  ___bank_sprite_bartender_tileset   sprite_bartender_tileset
     0000001E  ___bank_sprite_bone_shield         sprite_bone_shield
     0000001E  ___bank_sprite_bone_shield_tiles   sprite_bone_shield_tileset
     0000001E  ___bank_sprite_deputy_tileset      sprite_deputy_tileset
     0000001E  ___bank_sprite_oyun                sprite_oyun
     0000001E  ___bank_sprite_pumaskull_mon       sprite_pumaskull_mon
     0000001E  ___bank_sprite_schoolboy           sprite_schoolboy
     0000001E  ___bank_sprite_schoolgirl          sprite_schoolgirl
     0000001E  ___bank_sprite_schoolmarm_tilese   sprite_schoolmarm_tileset
     0000001E  ___bank_sprite_sheriff             sprite_sheriff
     0000001E  ___bank_sprite_sheriff_tileset     sprite_sheriff_tileset
     0000001E  ___bank_sprite_shopkeep_h_tilese   sprite_shopkeep_h_tileset
     0000001E  ___bank_sprite_shopkeep_w_tilese   sprite_shopkeep_w_tileset
     0000001E  ___bank_sprite_townsfolk1          sprite_townsfolk1
     0000001E  ___bank_sprite_townsfolk3_tilese   sprite_townsfolk3_tileset
     0000001E  ___bank_sprite_trace               sprite_trace
     0000001E  ___bank_sprite_trace_tileset       sprite_trace_tileset
     0000001E  ___bank_trigger_10_interact        trigger_10_interact
     0000001E  ___bank_trigger_11_interact        trigger_11_interact
     0000001E  ___bank_trigger_12_interact        trigger_12_interact
     0000001E  ___bank_trigger_5_interact         trigger_5_interact
     0000001E  ___bank_trigger_7_interact         trigger_7_interact
     0000001E  b_erase_flash                      
     0000001E  b_itoa_fmt                         vm_ui_a
     0000001E  b_music_events_poll                music_manager
     0000001E  b_music_init_driver                music_manager
     0000001E  b_music_init_events                music_manager
     0000001E  b_save_sram_banks                  
     0000001E  b_vm_print_detect                  vm_gbprinter
     0000001E  b_vm_print_overlay                 vm_gbprinter
     0000001E  b_vm_projectile_launch             vm_projectiles
     0000001E  b_vm_projectile_load_type          vm_projectiles
     0000001E  b_vm_rtc_get                       vm_rtc
     0000001E  b_vm_rtc_latch                     vm_rtc
     0000001E  b_vm_rtc_set                       vm_rtc
     0000001E  b_vm_rtc_start                     vm_rtc
     0000001E  b_vm_scene_pop                     vm_scene
     0000001E  b_vm_scene_pop_all                 vm_scene
     0000001E  b_vm_scene_push                    vm_scene
     0000001E  b_vm_scene_stack_reset             vm_scene
     0000001F  ___bank_actor_10_interact          actor_10_interact
     0000001F  ___bank_actor_10_update            actor_10_update
     0000001F  ___bank_actor_11_interact          actor_11_interact
     0000001F  ___bank_actor_11_update            actor_11_update
ASxxxx Linker V03.00 + NoICE + sdld,  page 14.
Hexadecimal  [32-Bits]

Area                                    Addr        Size        Decimal Bytes (Attributes)
--------------------------------        ----        ----        ------- ----- ------------
.  .ABS.                            00000000    00000000 =           0. bytes (ABS,CON)

      Value  Global                              Global Defined In Module
      -----  --------------------------------   ------------------------
     0000001F  ___bank_actor_129_update           actor_129_update
     0000001F  ___bank_actor_12_interact          actor_12_interact
     0000001F  ___bank_actor_12_update            actor_12_update
     0000001F  ___bank_actor_14_interact          actor_14_interact
     0000001F  ___bank_actor_14_update            actor_14_update
     0000001F  ___bank_actor_17_interact          actor_17_interact
     0000001F  ___bank_actor_17_update            actor_17_update
     0000001F  ___bank_actor_18_interact          actor_18_interact
     0000001F  ___bank_actor_18_update            actor_18_update
     0000001F  ___bank_actor_19_interact          actor_19_interact
     0000001F  ___bank_actor_19_update            actor_19_update
     0000001F  ___bank_actor_1_update             actor_1_update
     0000001F  ___bank_actor_20_interact          actor_20_interact
     0000001F  ___bank_actor_20_update            actor_20_update
     0000001F  ___bank_actor_22_interact          actor_22_interact
     0000001F  ___bank_actor_22_update            actor_22_update
     0000001F  ___bank_actor_27_interact          actor_27_interact
     0000001F  ___bank_actor_27_update            actor_27_update
     0000001F  ___bank_actor_28_interact          actor_28_interact
     0000001F  ___bank_actor_28_update            actor_28_update
     0000001F  ___bank_actor_29_interact          actor_29_interact
     0000001F  ___bank_actor_29_update            actor_29_update
     0000001F  ___bank_actor_30_interact          actor_30_interact
     0000001F  ___bank_actor_30_update            actor_30_update
     0000001F  ___bank_actor_31_interact          actor_31_interact
     0000001F  ___bank_actor_31_update            actor_31_update
     0000001F  ___bank_actor_33_interact          actor_33_interact
     0000001F  ___bank_actor_33_update            actor_33_update
     0000001F  ___bank_actor_34_interact          actor_34_interact
     0000001F  ___bank_actor_34_update            actor_34_update
     0000001F  ___bank_actor_36_interact          actor_36_interact
     0000001F  ___bank_actor_36_update            actor_36_update
     0000001F  ___bank_actor_56_interact          actor_56_interact
     0000001F  ___bank_actor_56_update            actor_56_update
     0000001F  ___bank_actor_58_interact          actor_58_interact
     0000001F  ___bank_actor_58_update            actor_58_update
     0000001F  ___bank_actor_59_interact          actor_59_interact
     0000001F  ___bank_actor_59_update            actor_59_update
     0000001F  ___bank_actor_60_interact          actor_60_interact
     0000001F  ___bank_actor_60_update            actor_60_update
     0000001F  ___bank_actor_61_interact          actor_61_interact
     0000001F  ___bank_actor_61_update            actor_61_update
     0000001F  ___bank_actor_65_interact          actor_65_interact
     0000001F  ___bank_actor_65_update            actor_65_update
     0000001F  ___bank_actor_6_interact           actor_6_interact
     0000001F  ___bank_actor_6_update             actor_6_update
     0000001F  ___bank_actor_9_interact           actor_9_interact
     0000001F  ___bank_actor_9_update             actor_9_update
     0000001F  ___bank_bg_actii                   bg_actii
     0000001F  ___bank_bg_bastion_title2          bg_bastion_title2
     0000001F  ___bank_bg_bone_level              bg_bone_level
ASxxxx Linker V03.00 + NoICE + sdld,  page 15.
Hexadecimal  [32-Bits]

Area                                    Addr        Size        Decimal Bytes (Attributes)
--------------------------------        ----        ----        ------- ----- ------------
.  .ABS.                            00000000    00000000 =           0. bytes (ABS,CON)

      Value  Global                              Global Defined In Module
      -----  --------------------------------   ------------------------
     0000001F  ___bank_bg_bone_level_boss         bg_bone_level_boss
     0000001F  ___bank_bg_bone_level_room1        bg_bone_level_room1
     0000001F  ___bank_bg_bone_level_room2        bg_bone_level_room2
     0000001F  ___bank_bg_bone_level_room4        bg_bone_level_room4
     0000001F  ___bank_bg_cinderflasshbackbg1     bg_cinderflasshbackbg1
     0000001F  ___bank_bg_dungeon_dangers         bg_dungeon_dangers
     0000001F  ___bank_bg_fire_level              bg_fire_level
     0000001F  ___bank_bg_fire_level_boss         bg_fire_level_boss
     0000001F  ___bank_bg_intro_rider_cutscene    bg_intro_rider_cutscene
     0000001F  ___bank_bg_intro_town_cutscene     bg_intro_town_cutscene
     0000001F  ___bank_bg_introcutscene           bg_introcutscene
     0000001F  ___bank_bg_king_of_hearts_monste   bg_king_of_hearts_monster
     0000001F  ___bank_bg_logo                    bg_logo
     0000001F  ___bank_bg_placeholder_copy        bg_placeholder_copy
     0000001F  ___bank_bg_room2                   bg_room2
     0000001F  ___bank_bg_title_clean             bg_title_clean
     0000001F  ___bank_bg_town                    bg_town
     0000001F  ___bank_bg_town_saloon             bg_town_saloon
     0000001F  ___bank_bg_town_school             bg_town_school
     0000001F  ___bank_bg_town_sheriffs_office2   bg_town_sheriffs_office2
     0000001F  ___bank_bg_town_store              bg_town_store
     0000001F  ___bank_bootstrap_script           
     0000001F  ___bank_cursor_image               cursor_image
     0000001F  ___bank_emote_shock                emote_shock
     0000001F  ___bank_palette_0                  palette_0
     0000001F  ___bank_palette_1                  palette_1
     0000001F  ___bank_palette_2                  palette_2
     0000001F  ___bank_palette_3                  palette_3
     0000001F  ___bank_palette_4                  palette_4
     0000001F  ___bank_palette_5                  palette_5
     0000001F  ___bank_scene_0                    scene_0
     0000001F  ___bank_scene_1                    scene_1
     0000001F  ___bank_scene_10                   scene_10
     0000001F  ___bank_scene_12                   scene_12
     0000001F  ___bank_scene_12_p_hit1            scene_12_p_hit1
     0000001F  ___bank_scene_13                   scene_13
     0000001F  ___bank_scene_13_actors            scene_13_actors
     0000001F  ___bank_scene_13_init              scene_13_init
     0000001F  ___bank_scene_13_sprites           scene_13_sprites
     0000001F  ___bank_scene_13_triggers          scene_13_triggers
     0000001F  ___bank_scene_14                   scene_14
     0000001F  ___bank_scene_14_init              scene_14_init
     0000001F  ___bank_scene_14_sprites           scene_14_sprites
     0000001F  ___bank_scene_14_triggers          scene_14_triggers
     0000001F  ___bank_scene_15                   scene_15
     0000001F  ___bank_scene_15_actors            scene_15_actors
     0000001F  ___bank_scene_15_init              scene_15_init
     0000001F  ___bank_scene_15_sprites           scene_15_sprites
     0000001F  ___bank_scene_15_triggers          scene_15_triggers
     0000001F  ___bank_scene_16                   scene_16
     0000001F  ___bank_scene_16_init              scene_16_init
ASxxxx Linker V03.00 + NoICE + sdld,  page 16.
Hexadecimal  [32-Bits]

Area                                    Addr        Size        Decimal Bytes (Attributes)
--------------------------------        ----        ----        ------- ----- ------------
.  .ABS.                            00000000    00000000 =           0. bytes (ABS,CON)

      Value  Global                              Global Defined In Module
      -----  --------------------------------   ------------------------
     0000001F  ___bank_scene_16_sprites           scene_16_sprites
     0000001F  ___bank_scene_16_triggers          scene_16_triggers
     0000001F  ___bank_scene_17                   scene_17
     0000001F  ___bank_scene_17_p_hit1            scene_17_p_hit1
     0000001F  ___bank_scene_17_projectiles       scene_17_projectiles
     0000001F  ___bank_scene_17_sprites           scene_17_sprites
     0000001F  ___bank_scene_17_triggers          scene_17_triggers
     0000001F  ___bank_scene_18                   scene_18
     0000001F  ___bank_scene_18_p_hit1            scene_18_p_hit1
     0000001F  ___bank_scene_18_projectiles       scene_18_projectiles
     0000001F  ___bank_scene_18_sprites           scene_18_sprites
     0000001F  ___bank_scene_18_triggers          scene_18_triggers
     0000001F  ___bank_scene_19                   scene_19
     0000001F  ___bank_scene_19_p_hit1            scene_19_p_hit1
     0000001F  ___bank_scene_19_projectiles       scene_19_projectiles
     0000001F  ___bank_scene_19_sprites           scene_19_sprites
     0000001F  ___bank_scene_19_triggers          scene_19_triggers
     0000001F  ___bank_scene_1_actors             scene_1_actors
     0000001F  ___bank_scene_2                    scene_2
     0000001F  ___bank_scene_20                   scene_20
     0000001F  ___bank_scene_20_p_hit1            scene_20_p_hit1
     0000001F  ___bank_scene_20_projectiles       scene_20_projectiles
     0000001F  ___bank_scene_20_sprites           scene_20_sprites
     0000001F  ___bank_scene_20_triggers          scene_20_triggers
     0000001F  ___bank_scene_21                   scene_21
     0000001F  ___bank_scene_21_p_hit1            scene_21_p_hit1
     0000001F  ___bank_scene_21_projectiles       scene_21_projectiles
     0000001F  ___bank_scene_21_sprites           scene_21_sprites
     0000001F  ___bank_scene_21_triggers          scene_21_triggers
     0000001F  ___bank_scene_22                   scene_22
     0000001F  ___bank_scene_23                   scene_23
     0000001F  ___bank_scene_23_sprites           scene_23_sprites
     0000001F  ___bank_scene_23_triggers          scene_23_triggers
     0000001F  ___bank_scene_24                   scene_24
     0000001F  ___bank_scene_24_init              scene_24_init
     0000001F  ___bank_scene_24_sprites           scene_24_sprites
     0000001F  ___bank_scene_24_triggers          scene_24_triggers
     0000001F  ___bank_scene_25                   scene_25
     0000001F  ___bank_scene_25_init              scene_25_init
     0000001F  ___bank_scene_25_sprites           scene_25_sprites
     0000001F  ___bank_scene_25_triggers          scene_25_triggers
     0000001F  ___bank_scene_26                   scene_26
     0000001F  ___bank_scene_26_actors            scene_26_actors
     0000001F  ___bank_scene_26_init              scene_26_init
     0000001F  ___bank_scene_26_sprites           scene_26_sprites
     0000001F  ___bank_scene_26_triggers          scene_26_triggers
     0000001F  ___bank_scene_27                   scene_27
     0000001F  ___bank_scene_27_init              scene_27_init
     0000001F  ___bank_scene_27_sprites           scene_27_sprites
     0000001F  ___bank_scene_27_triggers          scene_27_triggers
     0000001F  ___bank_scene_28                   scene_28
ASxxxx Linker V03.00 + NoICE + sdld,  page 17.
Hexadecimal  [32-Bits]

Area                                    Addr        Size        Decimal Bytes (Attributes)
--------------------------------        ----        ----        ------- ----- ------------
.  .ABS.                            00000000    00000000 =           0. bytes (ABS,CON)

      Value  Global                              Global Defined In Module
      -----  --------------------------------   ------------------------
     0000001F  ___bank_scene_28_projectiles       scene_28_projectiles
     0000001F  ___bank_scene_28_sprites           scene_28_sprites
     0000001F  ___bank_scene_29                   scene_29
     0000001F  ___bank_scene_29_actors            scene_29_actors
     0000001F  ___bank_scene_3                    scene_3
     0000001F  ___bank_scene_30                   scene_30
     0000001F  ___bank_scene_30_sprites           scene_30_sprites
     0000001F  ___bank_scene_31                   scene_31
     0000001F  ___bank_scene_31_sprites           scene_31_sprites
     0000001F  ___bank_scene_32                   scene_32
     0000001F  ___bank_scene_33                   scene_33
     0000001F  ___bank_scene_34                   scene_34
     0000001F  ___bank_scene_34_init              scene_34_init
     0000001F  ___bank_scene_35                   scene_35
     0000001F  ___bank_scene_35_actors            scene_35_actors
     0000001F  ___bank_scene_36                   scene_36
     0000001F  ___bank_scene_36_init              scene_36_init
     0000001F  ___bank_scene_37                   scene_37
     0000001F  ___bank_scene_37_init              scene_37_init
     0000001F  ___bank_scene_3_sprites            scene_3_sprites
     0000001F  ___bank_scene_3_triggers           scene_3_triggers
     0000001F  ___bank_scene_4                    scene_4
     0000001F  ___bank_scene_5                    scene_5
     0000001F  ___bank_scene_5_init               scene_5_init
     0000001F  ___bank_scene_6                    scene_6
     0000001F  ___bank_scene_6_p_hit1             scene_6_p_hit1
     0000001F  ___bank_scene_6_projectiles        scene_6_projectiles
     0000001F  ___bank_scene_6_sprites            scene_6_sprites
     0000001F  ___bank_scene_6_triggers           scene_6_triggers
     0000001F  ___bank_scene_7                    scene_7
     0000001F  ___bank_scene_7_init               scene_7_init
     0000001F  ___bank_scene_8                    scene_8
     0000001F  ___bank_scene_8_init               scene_8_init
     0000001F  ___bank_scene_8_sprites            scene_8_sprites
     0000001F  ___bank_scene_8_triggers           scene_8_triggers
     0000001F  ___bank_scene_9                    scene_9
     0000001F  ___bank_scene_9_actors             scene_9_actors
     0000001F  ___bank_scene_9_sprites            scene_9_sprites
     0000001F  ___bank_script_0                   script_0
     0000001F  ___bank_script_10                  script_10
     0000001F  ___bank_script_11                  script_11
     0000001F  ___bank_script_3                   script_3
     0000001F  ___bank_script_5                   script_5
     0000001F  ___bank_script_input_0             script_input_0
     0000001F  ___bank_script_input_1             script_input_1
     0000001F  ___bank_script_input_10            script_input_10
     0000001F  ___bank_script_input_101           script_input_101
     0000001F  ___bank_script_input_102           script_input_102
     0000001F  ___bank_script_input_103           script_input_103
     0000001F  ___bank_script_input_104           script_input_104
     0000001F  ___bank_script_input_105           script_input_105
ASxxxx Linker V03.00 + NoICE + sdld,  page 18.
Hexadecimal  [32-Bits]

Area                                    Addr        Size        Decimal Bytes (Attributes)
--------------------------------        ----        ----        ------- ----- ------------
.  .ABS.                            00000000    00000000 =           0. bytes (ABS,CON)

      Value  Global                              Global Defined In Module
      -----  --------------------------------   ------------------------
     0000001F  ___bank_script_input_107           script_input_107
     0000001F  ___bank_script_input_108           script_input_108
     0000001F  ___bank_script_input_109           script_input_109
     0000001F  ___bank_script_input_11            script_input_11
     0000001F  ___bank_script_input_110           script_input_110
     0000001F  ___bank_script_input_112           script_input_112
     0000001F  ___bank_script_input_113           script_input_113
     0000001F  ___bank_script_input_115           script_input_115
     0000001F  ___bank_script_input_116           script_input_116
     0000001F  ___bank_script_input_117           script_input_117
     0000001F  ___bank_script_input_118           script_input_118
     0000001F  ___bank_script_input_119           script_input_119
     0000001F  ___bank_script_input_12            script_input_12
     0000001F  ___bank_script_input_120           script_input_120
     0000001F  ___bank_script_input_121           script_input_121
     0000001F  ___bank_script_input_13            script_input_13
     0000001F  ___bank_script_input_16            script_input_16
     0000001F  ___bank_script_input_17            script_input_17
     0000001F  ___bank_script_input_18            script_input_18
     0000001F  ___bank_script_input_19            script_input_19
     0000001F  ___bank_script_input_20            script_input_20
     0000001F  ___bank_script_input_22            script_input_22
     0000001F  ___bank_script_input_23            script_input_23
     0000001F  ___bank_script_input_24            script_input_24
     0000001F  ___bank_script_input_25            script_input_25
     0000001F  ___bank_script_input_26            script_input_26
     0000001F  ___bank_script_input_27            script_input_27
     0000001F  ___bank_script_input_29            script_input_29
     0000001F  ___bank_script_input_30            script_input_30
     0000001F  ___bank_script_input_31            script_input_31
     0000001F  ___bank_script_input_32            script_input_32
     0000001F  ___bank_script_input_33            script_input_33
     0000001F  ___bank_script_input_35            script_input_35
     0000001F  ___bank_script_input_36            script_input_36
     0000001F  ___bank_script_input_37            script_input_37
     0000001F  ___bank_script_input_38            script_input_38
     0000001F  ___bank_script_input_4             script_input_4
     0000001F  ___bank_script_input_40            script_input_40
     0000001F  ___bank_script_input_41            script_input_41
     0000001F  ___bank_script_input_43            script_input_43
     0000001F  ___bank_script_input_44            script_input_44
     0000001F  ___bank_script_input_45            script_input_45
     0000001F  ___bank_script_input_46            script_input_46
     0000001F  ___bank_script_input_47            script_input_47
     0000001F  ___bank_script_input_48            script_input_48
     0000001F  ___bank_script_input_49            script_input_49
     0000001F  ___bank_script_input_5             script_input_5
     0000001F  ___bank_script_input_50            script_input_50
     0000001F  ___bank_script_input_51            script_input_51
     0000001F  ___bank_script_input_52            script_input_52
     0000001F  ___bank_script_input_54            script_input_54
ASxxxx Linker V03.00 + NoICE + sdld,  page 19.
Hexadecimal  [32-Bits]

Area                                    Addr        Size        Decimal Bytes (Attributes)
--------------------------------        ----        ----        ------- ----- ------------
.  .ABS.                            00000000    00000000 =           0. bytes (ABS,CON)

      Value  Global                              Global Defined In Module
      -----  --------------------------------   ------------------------
     0000001F  ___bank_script_input_55            script_input_55
     0000001F  ___bank_script_input_56            script_input_56
     0000001F  ___bank_script_input_57            script_input_57
     0000001F  ___bank_script_input_58            script_input_58
     0000001F  ___bank_script_input_59            script_input_59
     0000001F  ___bank_script_input_6             script_input_6
     0000001F  ___bank_script_input_61            script_input_61
     0000001F  ___bank_script_input_62            script_input_62
     0000001F  ___bank_script_input_63            script_input_63
     0000001F  ___bank_script_input_64            script_input_64
     0000001F  ___bank_script_input_65            script_input_65
     0000001F  ___bank_script_input_66            script_input_66
     0000001F  ___bank_script_input_67            script_input_67
     0000001F  ___bank_script_input_68            script_input_68
     0000001F  ___bank_script_input_69            script_input_69
     0000001F  ___bank_script_input_7             script_input_7
     0000001F  ___bank_script_input_70            script_input_70
     0000001F  ___bank_script_input_72            script_input_72
     0000001F  ___bank_script_input_73            script_input_73
     0000001F  ___bank_script_input_75            script_input_75
     0000001F  ___bank_script_input_76            script_input_76
     0000001F  ___bank_script_input_77            script_input_77
     0000001F  ___bank_script_input_78            script_input_78
     0000001F  ___bank_script_input_79            script_input_79
     0000001F  ___bank_script_input_8             script_input_8
     0000001F  ___bank_script_input_80            script_input_80
     0000001F  ___bank_script_input_81            script_input_81
     0000001F  ___bank_script_input_82            script_input_82
     0000001F  ___bank_script_input_83            script_input_83
     0000001F  ___bank_script_input_84            script_input_84
     0000001F  ___bank_script_input_85            script_input_85
     0000001F  ___bank_script_input_86            script_input_86
     0000001F  ___bank_script_input_88            script_input_88
     0000001F  ___bank_script_input_89            script_input_89
     0000001F  ___bank_script_input_9             script_input_9
     0000001F  ___bank_script_input_90            script_input_90
     0000001F  ___bank_script_input_91            script_input_91
     0000001F  ___bank_script_input_92            script_input_92
     0000001F  ___bank_script_input_93            script_input_93
     0000001F  ___bank_script_input_94            script_input_94
     0000001F  ___bank_script_input_95            script_input_95
     0000001F  ___bank_script_input_96            script_input_96
     0000001F  ___bank_script_input_97            script_input_97
     0000001F  ___bank_script_input_98            script_input_98
     0000001F  ___bank_script_input_99            script_input_99
     0000001F  ___bank_script_timer_0             script_timer_0
     0000001F  ___bank_script_timer_1             script_timer_1
     0000001F  ___bank_sound_legacy_0             sound_legacy_0
     0000001F  ___bank_sound_legacy_1             sound_legacy_1
     0000001F  ___bank_sound_legacy_2             sound_legacy_2
     0000001F  ___bank_sound_legacy_4             sound_legacy_4
ASxxxx Linker V03.00 + NoICE + sdld,  page 20.
Hexadecimal  [32-Bits]

Area                                    Addr        Size        Decimal Bytes (Attributes)
--------------------------------        ----        ----        ------- ----- ------------
.  .ABS.                            00000000    00000000 =           0. bytes (ABS,CON)

      Value  Global                              Global Defined In Module
      -----  --------------------------------   ------------------------
     0000001F  ___bank_sound_legacy_5             sound_legacy_5
     0000001F  ___bank_sprite_actor               sprite_actor
     0000001F  ___bank_sprite_blood_icon_tilese   sprite_blood_icon_tileset
     0000001F  ___bank_sprite_bone_icon           sprite_bone_icon
     0000001F  ___bank_sprite_bone_icon_tileset   sprite_bone_icon_tileset
     0000001F  ___bank_sprite_bonepile            sprite_bonepile
     0000001F  ___bank_sprite_bonepile_tileset    sprite_bonepile_tileset
     0000001F  ___bank_sprite_boneprojectile      sprite_boneprojectile
     0000001F  ___bank_sprite_boneprojectile_ti   sprite_boneprojectile_tilese
     0000001F  ___bank_sprite_box                 sprite_box
     0000001F  ___bank_sprite_box_tileset         sprite_box_tileset
     0000001F  ___bank_sprite_bullet_tileset      sprite_bullet_tileset
     0000001F  ___bank_sprite_deputy              sprite_deputy
     0000001F  ___bank_sprite_distant_rider       sprite_distant_rider
     0000001F  ___bank_sprite_distant_rider_til   sprite_distant_rider_tileset
     0000001F  ___bank_sprite_elements            sprite_elements
     0000001F  ___bank_sprite_elements_tileset    sprite_elements_tileset
     0000001F  ___bank_sprite_gb_heart_tileset    sprite_gb_heart_tileset
     0000001F  ___bank_sprite_gem_icon            sprite_gem_icon
     0000001F  ___bank_sprite_gem_icon_tileset    sprite_gem_icon_tileset
     0000001F  ___bank_sprite_hellfire_cinder_a   sprite_hellfire_cinder_arm
     0000001F  ___bank_sprite_hellfire_cinder_a   sprite_hellfire_cinder_arm_t
     0000001F  ___bank_sprite_kingofhearts        sprite_kingofhearts
     0000001F  ___bank_sprite_kingofhearts_tile   sprite_kingofhearts_tileset
     0000001F  ___bank_sprite_nameless            sprite_nameless
     0000001F  ___bank_sprite_nameless_tileset    sprite_nameless_tileset
     0000001F  ___bank_sprite_prisoner            sprite_prisoner
     0000001F  ___bank_sprite_prisoner_tileset    sprite_prisoner_tileset
     0000001F  ___bank_sprite_pumaskull_mask      sprite_pumaskull_mask
     0000001F  ___bank_sprite_pumaskull_mask_ti   sprite_pumaskull_mask_tilese
     0000001F  ___bank_sprite_schoolmarm          sprite_schoolmarm
     0000001F  ___bank_sprite_shadow_icon         sprite_shadow_icon
     0000001F  ___bank_sprite_shadow_icon_tiles   sprite_shadow_icon_tileset
     0000001F  ___bank_sprite_shopkeep_h          sprite_shopkeep_h
     0000001F  ___bank_sprite_shopkeep_w          sprite_shopkeep_w
     0000001F  ___bank_sprite_static              sprite_static
     0000001F  ___bank_sprite_static_tileset      sprite_static_tileset
     0000001F  ___bank_sprite_townsfolk3          sprite_townsfolk3
     0000001F  ___bank_trigger_0_interact         trigger_0_interact
     0000001F  ___bank_trigger_14_interact        trigger_14_interact
     0000001F  ___bank_trigger_16_interact        trigger_16_interact
     0000001F  ___bank_trigger_17_interact        trigger_17_interact
     0000001F  ___bank_trigger_18_interact        trigger_18_interact
     0000001F  ___bank_trigger_19_interact        trigger_19_interact
     0000001F  ___bank_trigger_1_interact         trigger_1_interact
     0000001F  ___bank_trigger_20_interact        trigger_20_interact
     0000001F  ___bank_trigger_21_interact        trigger_21_interact
     0000001F  ___bank_trigger_22_interact        trigger_22_interact
     0000001F  ___bank_trigger_23_interact        trigger_23_interact
     0000001F  ___bank_trigger_24_interact        trigger_24_interact
     0000001F  ___bank_trigger_25_interact        trigger_25_interact
ASxxxx Linker V03.00 + NoICE + sdld,  page 21.
Hexadecimal  [32-Bits]

Area                                    Addr        Size        Decimal Bytes (Attributes)
--------------------------------        ----        ----        ------- ----- ------------
.  .ABS.                            00000000    00000000 =           0. bytes (ABS,CON)

      Value  Global                              Global Defined In Module
      -----  --------------------------------   ------------------------
     0000001F  ___bank_trigger_26_interact        trigger_26_interact
     0000001F  ___bank_trigger_27_interact        trigger_27_interact
     0000001F  ___bank_trigger_28_interact        trigger_28_interact
     0000001F  ___bank_trigger_29_interact        trigger_29_interact
     0000001F  ___bank_trigger_2_interact         trigger_2_interact
     0000001F  ___bank_trigger_30_interact        trigger_30_interact
     0000001F  ___bank_trigger_31_interact        trigger_31_interact
     0000001F  ___bank_trigger_33_interact        trigger_33_interact
     0000001F  ___bank_trigger_34_interact        trigger_34_interact
     0000001F  ___bank_trigger_35_interact        trigger_35_interact
     0000001F  ___bank_trigger_36_interact        trigger_36_interact
     0000001F  ___bank_trigger_37_interact        trigger_37_interact
     0000001F  ___bank_trigger_38_interact        trigger_38_interact
     0000001F  ___bank_trigger_39_interact        trigger_39_interact
     0000001F  ___bank_trigger_3_interact         trigger_3_interact
     0000001F  ___bank_trigger_41_interact        trigger_41_interact
     0000001F  ___bank_trigger_42_interact        trigger_42_interact
     0000001F  ___bank_trigger_43_interact        trigger_43_interact
     0000001F  ___bank_trigger_44_interact        trigger_44_interact
     0000001F  ___bank_trigger_45_interact        trigger_45_interact
     0000001F  ___bank_trigger_47_interact        trigger_47_interact
     0000001F  ___bank_trigger_48_interact        trigger_48_interact
     0000001F  ___bank_trigger_49_interact        trigger_49_interact
     0000001F  ___bank_trigger_4_interact         trigger_4_interact
     0000001F  ___bank_trigger_50_interact        trigger_50_interact
     0000001F  ___bank_trigger_52_interact        trigger_52_interact
     0000001F  ___bank_trigger_53_interact        trigger_53_interact
     0000001F  ___bank_trigger_54_interact        trigger_54_interact
     0000001F  ___bank_trigger_55_interact        trigger_55_interact
     0000001F  ___bank_trigger_57_interact        trigger_57_interact
     0000001F  ___bank_trigger_58_interact        trigger_58_interact
     0000001F  ___bank_trigger_60_interact        trigger_60_interact
     0000001F  ___bank_trigger_61_interact        trigger_61_interact
     0000001F  ___bank_trigger_6_interact         trigger_6_interact
     0000001F  ___bank_trigger_8_interact         trigger_8_interact
     0000001F  b_CGBZeroPalette                   palette
     0000001F  b_SIO_init                         sio
     0000001F  b_camera_init                      camera
     0000001F  b_camera_reset                     camera
     0000001F  b_events_init                      events
     0000001F  b_logo_init                        logo
     0000001F  b_logo_update                      logo
     0000001F  b_palette_init                     palette
     0000001F  b_parallax_init                    parallax
     0000001F  b_remove_LCD_ISRs                  interrupts
     0000001F  b_restore_sram                     flasher
     0000001F  b_restore_sram_bank                flasher
     0000001F  b_save_sram                        flasher
     0000001F  b_timers_init                      events
     00000027  l__GSINIT                       
     00000030  l__HEADER6                      
ASxxxx Linker V03.00 + NoICE + sdld,  page 22.
Hexadecimal  [32-Bits]

Area                                    Addr        Size        Decimal Bytes (Attributes)
--------------------------------        ----        ----        ------- ----- ------------
.  .ABS.                            00000000    00000000 =           0. bytes (ABS,CON)

      Value  Global                              Global Defined In Module
      -----  --------------------------------   ------------------------
     0000004E  l__HEADER4                      
     00000082  l__HEADER10                     
     000001CB  l__CRASH_SCRATCH2               
     00000200  s__CODE                         
     00000C60  l__CODE                         
     00000E60  s__HOME                         
     00001A12  l__DATA                         
     00002000  _rROMB0                            
     00002C81  l__HOME                         
     00003000  _rROMB1                            
     00003AE1  s__BASE                         
     00003AE1  s__CODE_0                       
     00003AE1  s__INITIALIZER                  
     00003AE1  s__LIT                          
     00003AFA  s__GSINIT                       
     00003B10  l__CODE_31                      
     00003B21  s__GSFINAL                      
     00003FFD  l__CODE_29                      
     00004000  _RTC_SELECT_REG                    vm_rtc
[...]
                                          [ sprite_oyun ]
/var/folders/96/hdfsb9pn6xlcxk2xy76x69lw0000gn/T/_gbsbuild/obj/sprite_pitch_oh_sheet_0_tileset.rel
                                          [ sprite_pitch_oh_sheet_0_tileset ]
/var/folders/96/hdfsb9pn6xlcxk2xy76x69lw0000gn/T/_gbsbuild/obj/sprite_pitch_oh_sheet_0.rel
                                          [ sprite_pitch_oh_sheet_0 ]
/var/folders/96/hdfsb9pn6xlcxk2xy76x69lw0000gn/T/_gbsbuild/obj/sprite_prisoner_tileset.rel
                                          [ sprite_prisoner_tileset ]
/var/folders/96/hdfsb9pn6xlcxk2xy76x69lw0000gn/T/_gbsbuild/obj/sprite_prisoner.rel
                                          [ sprite_prisoner ]
/var/folders/96/hdfsb9pn6xlcxk2xy76x69lw0000gn/T/_gbsbuild/obj/sprite_pumaskull_human_tileset.rel
                                          [ sprite_pumaskull_human_tileset ]
/var/folders/96/hdfsb9pn6xlcxk2xy76x69lw0000gn/T/_gbsbuild/obj/sprite_pumaskull_human.rel
                                          [ sprite_pumaskull_human ]
/var/folders/96/hdfsb9pn6xlcxk2xy76x69lw0000gn/T/_gbsbuild/obj/sprite_pumaskull_mask_tileset.rel
                                          [ sprite_pumaskull_mask_tileset ]
/var/folders/96/hdfsb9pn6xlcxk2xy76x69lw0000gn/T/_gbsbuild/obj/sprite_pumaskull_mask.rel
                                          [ sprite_pumaskull_mask ]
/var/folders/96/hdfsb9pn6xlcxk2xy76x69lw0000gn/T/_gbsbuild/obj/sprite_pumaskull_mon_tileset.rel
                                          [ sprite_pumaskull_mon_tileset ]
/var/folders/96/hdfsb9pn6xlcxk2xy76x69lw0000gn/T/_gbsbuild/obj/sprite_pumaskull_mon.rel
                                          [ sprite_pumaskull_mon ]
/var/folders/96/hdfsb9pn6xlcxk2xy76x69lw0000gn/T/_gbsbuild/obj/sprite_schoolboy_tileset.rel
                                          [ sprite_schoolboy_tileset ]
/var/folders/96/hdfsb9pn6xlcxk2xy76x69lw0000gn/T/_gbsbuild/obj/sprite_schoolboy.rel
                                          [ sprite_schoolboy ]
/var/folders/96/hdfsb9pn6xlcxk2xy76x69lw0000gn/T/_gbsbuild/obj/sprite_schoolgirl_tileset.rel
                                          [ sprite_schoolgirl_tileset ]
/var/folders/96/hdfsb9pn6xlcxk2xy76x69lw0000gn/T/_gbsbuild/obj/sprite_schoolgirl.rel
                                          [ sprite_schoolgirl ]
/var/folders/96/hdfsb9pn6xlcxk2xy76x69lw0000gn/T/_gbsbuild/obj/sprite_schoolmarm_tileset.rel
                                          [ sprite_schoolmarm_tileset ]
/var/folders/96/hdfsb9pn6xlcxk2xy76x69lw0000gn/T/_gbsbuild/obj/sprite_schoolmarm.rel
                                          [ sprite_schoolmarm ]
/var/folders/96/hdfsb9pn6xlcxk2xy76x69lw0000gn/T/_gbsbuild/obj/sprite_shadow_icon_tileset.rel
                                          [ sprite_shadow_icon_tileset ]
/var/folders/96/hdfsb9pn6xlcxk2xy76x69lw0000gn/T/_gbsbuild/obj/sprite_shadow_icon.rel
                                          [ sprite_shadow_icon ]
/var/folders/96/hdfsb9pn6xlcxk2xy76x69lw0000gn/T/_gbsbuild/obj/sprite_sheriff_tileset.rel
                                          [ sprite_sheriff_tileset ]
/var/folders/96/hdfsb9pn6xlcxk2xy76x69lw0000gn/T/_gbsbuild/obj/sprite_sheriff.rel
                                          [ sprite_sheriff ]
/var/folders/96/hdfsb9pn6xlcxk2xy76x69lw0000gn/T/_gbsbuild/obj/sprite_shopkeep_h_tileset.rel
                                          [ sprite_shopkeep_h_tileset ]
/var/folders/96/hdfsb9pn6xlcxk2xy76x69lw0000gn/T/_gbsbuild/obj/sprite_shopkeep_h.rel
                                          [ sprite_shopkeep_h ]
/var/folders/96/hdfsb9pn6xlcxk2xy76x69lw0000gn/T/_gbsbuild/obj/sprite_shopkeep_w_tileset.rel
                                          [ sprite_shopkeep_w_tileset ]
/var/folders/96/hdfsb9pn6xlcxk2xy76x69lw0000gn/T/_gbsbuild/obj/sprite_shopkeep_w.rel
                                          [ sprite_shopkeep_w ]
/var/folders/96/hdfsb9pn6xlcxk2xy76x69lw0000gn/T/_gbsbuild/obj/sprite_static_tileset.rel
                                          [ sprite_static_tileset ]
/var/folders/96/hdfsb9pn6xlcxk2xy76x69lw0000gn/T/_gbsbuild/obj/sprite_static.rel
                                          [ sprite_static ]
/var/folders/96/hdfsb9pn6xlcxk2xy76x69lw0000gn/T/_gbsbuild/obj/sprite_townsfolk1_tileset.rel
                                          [ sprite_townsfolk1_tileset ]
/var/folders/96/hdfsb9pn6xlcxk2xy76x69lw0000gn/T/_gbsbuild/obj/sprite_townsfolk1.rel
                                          [ sprite_townsfolk1 ]
/var/folders/96/hdfsb9pn6xlcxk2xy76x69lw0000gn/T/_gbsbuild/obj/sprite_townsfolk3_tileset.rel
                                          [ sprite_townsfolk3_tileset ]
/var/folders/96/hdfsb9pn6xlcxk2xy76x69lw0000gn/T/_gbsbuild/obj/sprite_townsfolk3.rel
                                          [ sprite_townsfolk3 ]
/var/folders/96/hdfsb9pn6xlcxk2xy76x69lw0000gn/T/_gbsbuild/obj/sprite_trace_tileset.rel
                                          [ sprite_trace_tileset ]
/var/folders/96/hdfsb9pn6xlcxk2xy76x69lw0000gn/T/_gbsbuild/obj/sprite_trace.rel
                                          [ sprite_trace ]
/var/folders/96/hdfsb9pn6xlcxk2xy76x69lw0000gn/T/_gbsbuild/obj/spritesheet_none.rel
                                          [ spritesheet_none ]
/var/folders/96/hdfsb9pn6xlcxk2xy76x69lw0000gn/T/_gbsbuild/obj/trigger_0_interact.rel
                                          [ trigger_0_interact ]
/var/folders/96/hdfsb9pn6xlcxk2xy76x69lw0000gn/T/_gbsbuild/obj/trigger_1_interact.rel
                                          [ trigger_1_interact ]
/var/folders/96/hdfsb9pn6xlcxk2xy76x69lw0000gn/T/_gbsbuild/obj/trigger_10_interact.rel
                                          [ trigger_10_interact ]
/var/folders/96/hdfsb9pn6xlcxk2xy76x69lw0000gn/T/_gbsbuild/obj/trigger_11_interact.rel
                                          [ trigger_11_interact ]
/var/folders/96/hdfsb9pn6xlcxk2xy76x69lw0000gn/T/_gbsbuild/obj/trigger_12_interact.rel
                                          [ trigger_12_interact ]
/var/folders/96/hdfsb9pn6xlcxk2xy76x69lw0000gn/T/_gbsbuild/obj/trigger_13_interact.rel
                                          [ trigger_13_interact ]
/var/folders/96/hdfsb9pn6xlcxk2xy76x69lw0000gn/T/_gbsbuild/obj/trigger_14_interact.rel
                                          [ trigger_14_interact ]
/var/folders/96/hdfsb9pn6xlcxk2xy76x69lw0000gn/T/_gbsbuild/obj/trigger_16_interact.rel
                                          [ trigger_16_interact ]
/var/folders/96/hdfsb9pn6xlcxk2xy76x69lw0000gn/T/_gbsbuild/obj/trigger_17_interact.rel
                                          [ trigger_17_interact ]
/var/folders/96/hdfsb9pn6xlcxk2xy76x69lw0000gn/T/_gbsbuild/obj/trigger_18_interact.rel
                                          [ trigger_18_interact ]
/var/folders/96/hdfsb9pn6xlcxk2xy76x69lw0000gn/T/_gbsbuild/obj/trigger_19_interact.rel
                                          [ trigger_19_interact ]
/var/folders/96/hdfsb9pn6xlcxk2xy76x69lw0000gn/T/_gbsbuild/obj/trigger_2_interact.rel
                                          [ trigger_2_interact ]
/var/folders/96/hdfsb9pn6xlcxk2xy76x69lw0000gn/T/_gbsbuild/obj/trigger_20_interact.rel
                                          [ trigger_20_interact ]
/var/folders/96/hdfsb9pn6xlcxk2xy76x69lw0000gn/T/_gbsbuild/obj/trigger_21_interact.rel
                                          [ trigger_21_interact ]
/var/folders/96/hdfsb9pn6xlcxk2xy76x69lw0000gn/T/_gbsbuild/obj/trigger_22_interact.rel
                                          [ trigger_22_interact ]
/var/folders/96/hdfsb9pn6xlcxk2xy76x69lw0000gn/T/_gbsbuild/obj/trigger_23_interact.rel
                                          [ trigger_23_interact ]
/var/folders/96/hdfsb9pn6xlcxk2xy76x69lw0000gn/T/_gbsbuild/obj/trigger_24_interact.rel
                                          [ trigger_24_interact ]
/var/folders/96/hdfsb9pn6xlcxk2xy76x69lw0000gn/T/_gbsbuild/obj/trigger_25_interact.rel
                                          [ trigger_25_interact ]
/var/folders/96/hdfsb9pn6xlcxk2xy76x69lw0000gn/T/_gbsbuild/obj/trigger_26_interact.rel
                                          [ trigger_26_interact ]
/var/folders/96/hdfsb9pn6xlcxk2xy76x69lw0000gn/T/_gbsbuild/obj/trigger_27_interact.rel
                                          [ trigger_27_interact ]
/var/folders/96/hdfsb9pn6xlcxk2xy76x69lw0000gn/T/_gbsbuild/obj/trigger_28_interact.rel
                                          [ trigger_28_interact ]
/var/folders/96/hdfsb9pn6xlcxk2xy76x69lw0000gn/T/_gbsbuild/obj/trigger_29_interact.rel
                                          [ trigger_29_interact ]
/var/folders/96/hdfsb9pn6xlcxk2xy76x69lw0000gn/T/_gbsbuild/obj/trigger_3_interact.rel
                                          [ trigger_3_interact ]
/var/folders/96/hdfsb9pn6xlcxk2xy76x69lw0000gn/T/_gbsbuild/obj/trigger_30_interact.rel
                                          [ trigger_30_interact ]
/var/folders/96/hdfsb9pn6xlcxk2xy76x69lw0000gn/T/_gbsbuild/obj/trigger_31_interact.rel
                                          [ trigger_31_interact ]
/var/folders/96/hdfsb9pn6xlcxk2xy76x69lw0000gn/T/_gbsbuild/obj/trigger_32_interact.rel
                                          [ trigger_32_interact ]
/var/folders/96/hdfsb9pn6xlcxk2xy76x69lw0000gn/T/_gbsbuild/obj/trigger_33_interact.rel
                                          [ trigger_33_interact ]
/var/folders/96/hdfsb9pn6xlcxk2xy76x69lw0000gn/T/_gbsbuild/obj/trigger_34_interact.rel
                                          [ trigger_34_interact ]
/var/folders/96/hdfsb9pn6xlcxk2xy76x69lw0000gn/T/_gbsbuild/obj/trigger_35_interact.rel
                                          [ trigger_35_interact ]
/var/folders/96/hdfsb9pn6xlcxk2xy76x69lw0000gn/T/_gbsbuild/obj/trigger_36_interact.rel
                                          [ trigger_36_interact ]
/var/folders/96/hdfsb9pn6xlcxk2xy76x69lw0000gn/T/_gbsbuild/obj/trigger_37_interact.rel
                                          [ trigger_37_interact ]
/var/folders/96/hdfsb9pn6xlcxk2xy76x69lw0000gn/T/_gbsbuild/obj/trigger_38_interact.rel
                                          [ trigger_38_interact ]
/var/folders/96/hdfsb9pn6xlcxk2xy76x69lw0000gn/T/_gbsbuild/obj/trigger_39_interact.rel
                                          [ trigger_39_interact ]
/var/folders/96/hdfsb9pn6xlcxk2xy76x69lw0000gn/T/_gbsbuild/obj/trigger_4_interact.rel
                                          [ trigger_4_interact ]
/var/folders/96/hdfsb9pn6xlcxk2xy76x69lw0000gn/T/_gbsbuild/obj/trigger_40_interact.rel
                                          [ trigger_40_interact ]
/var/folders/96/hdfsb9pn6xlcxk2xy76x69lw0000gn/T/_gbsbuild/obj/trigger_41_interact.rel
                                          [ trigger_41_interact ]
/var/folders/96/hdfsb9pn6xlcxk2xy76x69lw0000gn/T/_gbsbuild/obj/trigger_42_interact.rel
                                          [ trigger_42_interact ]
/var/folders/96/hdfsb9pn6xlcxk2xy76x69lw0000gn/T/_gbsbuild/obj/trigger_43_interact.rel
                                          [ trigger_43_interact ]
/var/folders/96/hdfsb9pn6xlcxk2xy76x69lw0000gn/T/_gbsbuild/obj/trigger_44_interact.rel
                                          [ trigger_44_interact ]
/var/folders/96/hdfsb9pn6xlcxk2xy76x69lw0000gn/T/_gbsbuild/obj/trigger_45_interact.rel
                                          [ trigger_45_interact ]
/var/folders/96/hdfsb9pn6xlcxk2xy76x69lw0000gn/T/_gbsbuild/obj/trigger_46_interact.rel
                                          [ trigger_46_interact ]
/var/folders/96/hdfsb9pn6xlcxk2xy76x69lw0000gn/T/_gbsbuild/obj/trigger_47_interact.rel
                                          [ trigger_47_interact ]
/var/folders/96/hdfsb9pn6xlcxk2xy76x69lw0000gn/T/_gbsbuild/obj/trigger_48_interact.rel
                                          [ trigger_48_interact ]
/var/folders/96/hdfsb9pn6xlcxk2xy76x69lw0000gn/T/_gbsbuild/obj/trigger_49_interact.rel
                                          [ trigger_49_interact ]
/var/folders/96/hdfsb9pn6xlcxk2xy76x69lw0000gn/T/_gbsbuild/obj/trigger_5_interact.rel
                                          [ trigger_5_interact ]
/var/folders/96/hdfsb9pn6xlcxk2xy76x69lw0000gn/T/_gbsbuild/obj/trigger_50_interact.rel
                                          [ trigger_50_interact ]
/var/folders/96/hdfsb9pn6xlcxk2xy76x69lw0000gn/T/_gbsbuild/obj/trigger_51_interact.rel
                                          [ trigger_51_interact ]
/var/folders/96/hdfsb9pn6xlcxk2xy76x69lw0000gn/T/_gbsbuild/obj/trigger_52_interact.rel
                                          [ trigger_52_interact ]
/var/folders/96/hdfsb9pn6xlcxk2xy76x69lw0000gn/T/_gbsbuild/obj/trigger_53_interact.rel
                                          [ trigger_53_interact ]
/var/folders/96/hdfsb9pn6xlcxk2xy76x69lw0000gn/T/_gbsbuild/obj/trigger_54_interact.rel
                                          [ trigger_54_interact ]
/var/folders/96/hdfsb9pn6xlcxk2xy76x69lw0000gn/T/_gbsbuild/obj/trigger_55_interact.rel
                                          [ trigger_55_interact ]
/var/folders/96/hdfsb9pn6xlcxk2xy76x69lw0000gn/T/_gbsbuild/obj/trigger_56_interact.rel
                                          [ trigger_56_interact ]
/var/folders/96/hdfsb9pn6xlcxk2xy76x69lw0000gn/T/_gbsbuild/obj/trigger_57_interact.rel
                                          [ trigger_57_interact ]
/var/folders/96/hdfsb9pn6xlcxk2xy76x69lw0000gn/T/_gbsbuild/obj/trigger_58_interact.rel
                                          [ trigger_58_interact ]
/var/folders/96/hdfsb9pn6xlcxk2xy76x69lw0000gn/T/_gbsbuild/obj/trigger_59_interact.rel
                                          [ trigger_59_interact ]
/var/folders/96/hdfsb9pn6xlcxk2xy76x69lw0000gn/T/_gbsbuild/obj/trigger_6_interact.rel
                                          [ trigger_6_interact ]
/var/folders/96/hdfsb9pn6xlcxk2xy76x69lw0000gn/T/_gbsbuild/obj/trigger_60_interact.rel
                                          [ trigger_60_interact ]
/var/folders/96/hdfsb9pn6xlcxk2xy76x69lw0000gn/T/_gbsbuild/obj/trigger_61_interact.rel
                                          [ trigger_61_interact ]
/var/folders/96/hdfsb9pn6xlcxk2xy76x69lw0000gn/T/_gbsbuild/obj/trigger_7_interact.rel
                                          [ trigger_7_interact ]
/var/folders/96/hdfsb9pn6xlcxk2xy76x69lw0000gn/T/_gbsbuild/obj/trigger_8_interact.rel
                                          [ trigger_8_interact ]
/var/folders/96/hdfsb9pn6xlcxk2xy76x69lw0000gn/T/_gbsbuild/obj/trigger_9_interact.rel
                                          [ trigger_9_interact ]
/var/folders/96/hdfsb9pn6xlcxk2xy76x69lw0000gn/T/_gbsbuild/obj/main.rel
                                          [ main ]
/var/folders/96/hdfsb9pn6xlcxk2xy76x69lw0000gn/T/_gbsbuild/obj/adventure.rel
                                          [ adventure ]
/var/folders/96/hdfsb9pn6xlcxk2xy76x69lw0000gn/T/_gbsbuild/obj/logo.rel
                                          [ logo ]
/var/folders/96/hdfsb9pn6xlcxk2xy76x69lw0000gn/T/_gbsbuild/obj/platform.rel
                                          [ platform ]
/var/folders/96/hdfsb9pn6xlcxk2xy76x69lw0000gn/T/_gbsbuild/obj/pointnclick.rel
                                          [ pointnclick ]
/var/folders/96/hdfsb9pn6xlcxk2xy76x69lw0000gn/T/_gbsbuild/obj/shmup.rel
                                          [ shmup ]
/var/folders/96/hdfsb9pn6xlcxk2xy76x69lw0000gn/T/_gbsbuild/obj/states_ptrs.rel
                                          [  ]
/var/folders/96/hdfsb9pn6xlcxk2xy76x69lw0000gn/T/_gbsbuild/obj/topdown.rel
                                          [ topdown ]


Libraries Linked                          [ object file ]

/var/folders/96/hdfsb9pn6xlcxk2xy76x69lw0000gn/T/_gbstools/gbdk/lib/small/asxxxx/gb/gb.lib
                                          [ fill_rect_wi.o ]
/var/folders/96/hdfsb9pn6xlcxk2xy76x69lw0000gn/T/_gbstools/gbdk/lib/small/asxxxx/gbz80/gbz80.lib
                                          [ rand.o ]
lib/hUGEDriver.lib                        [ hUGEDriver.obj.o ]
/var/folders/96/hdfsb9pn6xlcxk2xy76x69lw0000gn/T/_gbstools/gbdk/lib/small/asxxxx/gb/gb.lib
                                          [ sfr.o ]
/var/folders/96/hdfsb9pn6xlcxk2xy76x69lw0000gn/T/_gbstools/gbdk/lib/small/asxxxx/gb/gb.lib
                                          [ get_data.o ]
/var/folders/96/hdfsb9pn6xlcxk2xy76x69lw0000gn/T/_gbstools/gbdk/lib/small/asxxxx/gb/gb.lib
                                          [ get_tile.o ]
/var/folders/96/hdfsb9pn6xlcxk2xy76x69lw0000gn/T/_gbstools/gbdk/lib/small/asxxxx/gb/gb.lib
                                          [ cgb_palettes.o ]
/var/folders/96/hdfsb9pn6xlcxk2xy76x69lw0000gn/T/_gbstools/gbdk/lib/small/asxxxx/gb/gb.lib
                                          [ metasprites_hide_spr.o ]
/var/folders/96/hdfsb9pn6xlcxk2xy76x69lw0000gn/T/_gbstools/gbdk/lib/small/asxxxx/gbz80/gbz80.lib
                                          [ mul.o ]
/var/folders/96/hdfsb9pn6xlcxk2xy76x69lw0000gn/T/_gbstools/gbdk/lib/small/asxxxx/gbz80/gbz80.lib
                                          [ div.o ]
/var/folders/96/hdfsb9pn6xlcxk2xy76x69lw0000gn/T/_gbstools/gbdk/lib/small/asxxxx/gbz80/gbz80.lib
                                          [ abs.o ]
/var/folders/96/hdfsb9pn6xlcxk2xy76x69lw0000gn/T/_gbstools/gbdk/lib/small/asxxxx/gb/gb.lib
                                          [ set_wi_t.o ]
/var/folders/96/hdfsb9pn6xlcxk2xy76x69lw0000gn/T/_gbstools/gbdk/lib/small/asxxxx/gb/gb.lib
                                          [ set_data.o ]
/var/folders/96/hdfsb9pn6xlcxk2xy76x69lw0000gn/T/_gbstools/gbdk/lib/small/asxxxx/gbz80/gbz80.lib
                                          [ reverse.o ]
/var/folders/96/hdfsb9pn6xlcxk2xy76x69lw0000gn/T/_gbstools/gbdk/lib/small/asxxxx/gb/gb.lib
                                          [ far_ptr.o ]
/var/folders/96/hdfsb9pn6xlcxk2xy76x69lw0000gn/T/_gbstools/gbdk/lib/small/asxxxx/gb/gb.lib
                                          [ sgb.o ]
/var/folders/96/hdfsb9pn6xlcxk2xy76x69lw0000gn/T/_gbstools/gbdk/lib/small/asxxxx/gb/gb.lib
                                          [ lcd.o ]
/var/folders/96/hdfsb9pn6xlcxk2xy76x69lw0000gn/T/_gbstools/gbdk/lib/small/asxxxx/gb/gb.lib
                                          [ fill_rect.o ]
/var/folders/96/hdfsb9pn6xlcxk2xy76x69lw0000gn/T/_gbstools/gbdk/lib/small/asxxxx/gb/gb.lib
                                          [ cpy_data.o ]
/var/folders/96/hdfsb9pn6xlcxk2xy76x69lw0000gn/T/_gbstools/gbdk/lib/small/asxxxx/gb/gb.lib
                                          [ fill_rect_bk.o ]
/var/folders/96/hdfsb9pn6xlcxk2xy76x69lw0000gn/T/_gbstools/gbdk/lib/small/asxxxx/gb/gb.lib
                                          [ pad.o ]
/var/folders/96/hdfsb9pn6xlcxk2xy76x69lw0000gn/T/_gbstools/gbdk/lib/small/asxxxx/gb/gb.lib
                                          [ metasprites.o ]
/var/folders/96/hdfsb9pn6xlcxk2xy76x69lw0000gn/T/_gbstools/gbdk/lib/small/asxxxx/gbz80/gbz80.lib
                                          [ __sdcc_call_hl.o ]
/var/folders/96/hdfsb9pn6xlcxk2xy76x69lw0000gn/T/_gbstools/gbdk/lib/small/asxxxx/gbz80/gbz80.lib
                                          [ _memcpy.o ]
/var/folders/96/hdfsb9pn6xlcxk2xy76x69lw0000gn/T/_gbstools/gbdk/lib/small/asxxxx/gbz80/gbz80.lib
                                          [ _memset.o ]
/var/folders/96/hdfsb9pn6xlcxk2xy76x69lw0000gn/T/_gbstools/gbdk/lib/small/asxxxx/gb/gb.lib
                                          [ set_xy_t.o ]
/var/folders/96/hdfsb9pn6xlcxk2xy76x69lw0000gn/T/_gbstools/gbdk/lib/small/asxxxx/gb/gb.lib
                                          [ cgb.o ]
/var/folders/96/hdfsb9pn6xlcxk2xy76x69lw0000gn/T/_gbstools/gbdk/lib/small/asxxxx/gb/gb.lib
                                          [ set_bk_t.o ]

ASxxxx Linker V03.00 + NoICE + sdld,  page 123.

User Base Address Definitions

_DATA=0xC0A0
_CODE=0x0200
ASxxxx Linker V03.00 + NoICE + sdld,  page 124.

User Global Definitions

.STACK=0xDF00
_shadow_OAM=0xC000
.refresh_OAM=0xFF80
__start_save=28

